$ R:\Anti gravity\Rice Disease Project\.venv\Scripts\python.exe -m src.train --model efficientnet_b0 --mode partial
# started 2026-05-21 09:06:28

09:06:34 | INFO    | Run: model=efficientnet_b0  mode=partial  epochs=15
09:06:34 | INFO    | Device: NVIDIA GeForce RTX 3050 Laptop GPU (4.0 GB VRAM) | AMP=True
09:06:34 | INFO    | Classes: ['brown_spot', 'healthy', 'rice_blast', 'rice_tungro']
09:06:34 | INFO    | Batches/epoch: train=307 val=55 test=167 (batch_size=24, accum=2)
09:06:34 | INFO    | Parameters: total=4,012,672  trainable=5,124  (0.13%)
09:08:10 | INFO    | Epoch 01/15 | train loss 0.9887 acc 63.79 f1 63.14 | val loss 0.9084 acc 70.45 f1 69.55
09:08:10 | INFO    |   -> new best (val macro-F1 69.55) saved
09:08:30 | INFO    | Epoch 02/15 | train loss 0.8461 acc 73.37 f1 72.99 | val loss 0.8555 acc 73.83 f1 73.21
09:08:30 | INFO    |   -> new best (val macro-F1 73.21) saved
09:08:48 | INFO    | Epoch 03/15 | train loss 0.8099 acc 75.03 f1 74.83 | val loss 0.8488 acc 74.21 f1 73.52
09:08:48 | INFO    |   -> new best (val macro-F1 73.52) saved
09:09:07 | INFO    | Epoch 04/15 | train loss 0.7973 acc 75.98 f1 75.76 | val loss 0.8127 acc 77.05 f1 76.79
09:09:07 | INFO    |   -> new best (val macro-F1 76.79) saved
09:09:25 | INFO    | Epoch 05/15 | train loss 0.7835 acc 76.98 f1 76.85 | val loss 0.8056 acc 76.29 f1 76.00
09:09:44 | INFO    | Epoch 06/15 | train loss 0.7825 acc 76.76 f1 76.64 | val loss 0.8195 acc 76.29 f1 75.94
09:10:02 | INFO    | Epoch 07/15 | train loss 0.7734 acc 78.33 f1 78.20 | val loss 0.7992 acc 77.74 f1 77.49
09:10:02 | INFO    |   -> new best (val macro-F1 77.49) saved
09:10:21 | INFO    | Epoch 08/15 | train loss 0.7688 acc 77.77 f1 77.54 | val loss 0.7923 acc 78.51 f1 78.31
09:10:21 | INFO    |   -> new best (val macro-F1 78.31) saved
09:10:40 | INFO    | Epoch 09/15 | train loss 0.7647 acc 78.52 f1 78.41 | val loss 0.7862 acc 77.90 f1 77.74
09:10:59 | INFO    | Epoch 10/15 | train loss 0.7567 acc 78.96 f1 78.78 | val loss 0.7817 acc 78.28 f1 78.13
09:11:17 | INFO    | Epoch 11/15 | train loss 0.7603 acc 78.54 f1 78.32 | val loss 0.7791 acc 78.43 f1 78.32
09:11:17 | INFO    |   -> new best (val macro-F1 78.32) saved
09:11:36 | INFO    | Epoch 12/15 | train loss 0.7577 acc 78.76 f1 78.60 | val loss 0.7860 acc 78.05 f1 77.75
09:11:54 | INFO    | Epoch 13/15 | train loss 0.7613 acc 78.24 f1 78.11 | val loss 0.7769 acc 78.97 f1 78.81
09:11:54 | INFO    |   -> new best (val macro-F1 78.81) saved
09:12:13 | INFO    | Epoch 14/15 | train loss 0.7557 acc 78.54 f1 78.46 | val loss 0.7785 acc 78.51 f1 78.37
09:12:32 | INFO    | Epoch 15/15 | train loss 0.7568 acc 79.04 f1 78.92 | val loss 0.7787 acc 78.51 f1 78.37
09:12:32 | INFO    | Training done in 6.0 min. Best epoch 13 (val macro-F1 78.81).
09:13:20 | INFO    | ================================================================
09:13:20 | INFO    | VAL  (2021-2025 holdout): acc 78.97  macro-F1 78.81
09:13:20 | INFO    | TEST (2026 future)      : acc 37.38  macro-F1 34.44
09:13:20 | INFO    | Generalization gap (macro-F1): 44.37 points
09:13:20 | INFO    | Future retention            : 43.7%
09:13:20 | INFO    | ================================================================

# finished 2026-05-21 09:13:27 | exit 0
