09:35:47 | INFO    | Run: model=resnet50  mode=partial  epochs=15
09:35:47 | INFO    | Device: NVIDIA GeForce RTX 3050 Laptop GPU (4.0 GB VRAM) | AMP=True
09:35:47 | INFO    | Classes: ['brown_spot', 'healthy', 'rice_blast', 'rice_tungro']
09:35:47 | INFO    | Batches/epoch: train=461 val=82 test=250 (batch_size=16, accum=2)
09:35:48 | INFO    | Parameters: total=23,516,228  trainable=8,196  (0.03%)
09:37:00 | INFO    | Epoch 01/15 | train loss 1.0008 acc 65.27 f1 65.03 | val loss 0.8820 acc 74.52 f1 74.04
09:37:00 | INFO    |   -> new best (val macro-F1 74.04) saved
09:37:20 | INFO    | Epoch 02/15 | train loss 0.8344 acc 74.62 f1 74.45 | val loss 0.8285 acc 77.21 f1 76.75
09:37:20 | INFO    |   -> new best (val macro-F1 76.75) saved
09:37:40 | INFO    | Epoch 03/15 | train loss 0.7894 acc 77.28 f1 77.20 | val loss 0.8191 acc 77.97 f1 77.53
09:37:40 | INFO    |   -> new best (val macro-F1 77.53) saved
09:38:00 | INFO    | Epoch 04/15 | train loss 0.7634 acc 79.24 f1 79.18 | val loss 0.8126 acc 77.59 f1 77.32
09:38:21 | INFO    | Epoch 05/15 | train loss 0.7539 acc 78.96 f1 78.90 | val loss 0.7835 acc 78.97 f1 78.64
09:38:21 | INFO    |   -> new best (val macro-F1 78.64) saved
09:38:42 | INFO    | Epoch 06/15 | train loss 0.7404 acc 80.56 f1 80.48 | val loss 0.7840 acc 78.97 f1 78.78
09:38:42 | INFO    |   -> new best (val macro-F1 78.78) saved
09:39:02 | INFO    | Epoch 07/15 | train loss 0.7312 acc 80.33 f1 80.28 | val loss 0.7679 acc 80.58 f1 80.44
09:39:02 | INFO    |   -> new best (val macro-F1 80.44) saved
09:39:23 | INFO    | Epoch 08/15 | train loss 0.7241 acc 81.09 f1 81.05 | val loss 0.7699 acc 80.74 f1 80.55
09:39:23 | INFO    |   -> new best (val macro-F1 80.55) saved
09:39:45 | INFO    | Epoch 09/15 | train loss 0.7171 acc 81.52 f1 81.48 | val loss 0.7620 acc 81.12 f1 81.00
09:39:46 | INFO    |   -> new best (val macro-F1 81.00) saved
09:40:08 | INFO    | Epoch 10/15 | train loss 0.7172 acc 81.70 f1 81.56 | val loss 0.7744 acc 80.12 f1 79.83
09:40:29 | INFO    | Epoch 11/15 | train loss 0.7130 acc 82.09 f1 82.08 | val loss 0.7613 acc 81.27 f1 81.06
09:40:30 | INFO    |   -> new best (val macro-F1 81.06) saved
09:40:50 | INFO    | Epoch 12/15 | train loss 0.7116 acc 82.06 f1 82.01 | val loss 0.7638 acc 80.66 f1 80.48
09:41:10 | INFO    | Epoch 13/15 | train loss 0.7120 acc 81.70 f1 81.51 | val loss 0.7597 acc 81.43 f1 81.34
09:41:10 | INFO    |   -> new best (val macro-F1 81.34) saved
09:41:31 | INFO    | Epoch 14/15 | train loss 0.7091 acc 81.83 f1 81.80 | val loss 0.7607 acc 80.97 f1 80.84
09:41:58 | INFO    | Epoch 15/15 | train loss 0.7079 acc 82.69 f1 82.67 | val loss 0.7618 acc 80.74 f1 80.62
09:41:58 | INFO    | Training done in 6.2 min. Best epoch 13 (val macro-F1 81.34).
09:42:40 | INFO    | ================================================================
09:42:40 | INFO    | VAL  (2021-2025 holdout): acc 81.43  macro-F1 81.34
09:42:40 | INFO    | TEST (2026 future)      : acc 39.95  macro-F1 39.25
09:42:40 | INFO    | Generalization gap (macro-F1): 42.09 points
09:42:40 | INFO    | Future retention            : 48.3%
09:42:40 | INFO    | ================================================================
