10:04:46 | INFO    | Run: model=densenet121  mode=partial  epochs=15
10:04:46 | INFO    | Device: NVIDIA GeForce RTX 3050 Laptop GPU (4.0 GB VRAM) | AMP=True
10:04:46 | INFO    | Classes: ['brown_spot', 'healthy', 'rice_blast', 'rice_tungro']
10:04:46 | INFO    | Batches/epoch: train=615 val=109 test=334 (batch_size=12, accum=2)
10:04:47 | INFO    | Parameters: total=6,957,956  trainable=4,100  (0.06%)
10:06:16 | INFO    | Epoch 01/15 | train loss 1.0569 acc 60.73 f1 60.34 | val loss 0.9739 acc 67.00 f1 65.06
10:06:16 | INFO    |   -> new best (val macro-F1 65.06) saved
10:06:47 | INFO    | Epoch 02/15 | train loss 0.9015 acc 70.81 f1 70.44 | val loss 0.9055 acc 70.61 f1 69.82
10:06:47 | INFO    |   -> new best (val macro-F1 69.82) saved
10:07:19 | INFO    | Epoch 03/15 | train loss 0.8613 acc 73.64 f1 73.31 | val loss 0.9064 acc 70.68 f1 69.35
10:07:50 | INFO    | Epoch 04/15 | train loss 0.8465 acc 74.38 f1 74.12 | val loss 0.8911 acc 72.22 f1 71.58
10:07:51 | INFO    |   -> new best (val macro-F1 71.58) saved
10:08:22 | INFO    | Epoch 05/15 | train loss 0.8282 acc 75.24 f1 74.83 | val loss 0.8693 acc 74.06 f1 73.34
10:08:22 | INFO    |   -> new best (val macro-F1 73.34) saved
10:08:53 | INFO    | Epoch 06/15 | train loss 0.8189 acc 75.77 f1 75.52 | val loss 0.8624 acc 74.14 f1 73.31
10:09:25 | INFO    | Epoch 07/15 | train loss 0.8136 acc 75.93 f1 75.82 | val loss 0.8859 acc 72.22 f1 71.28
10:09:57 | INFO    | Epoch 08/15 | train loss 0.8068 acc 76.56 f1 76.32 | val loss 0.8844 acc 72.22 f1 71.31
10:10:28 | INFO    | Epoch 09/15 | train loss 0.8039 acc 76.95 f1 76.74 | val loss 0.8598 acc 74.29 f1 73.77
10:10:28 | INFO    |   -> new best (val macro-F1 73.77) saved
10:11:00 | INFO    | Epoch 10/15 | train loss 0.7991 acc 76.69 f1 76.54 | val loss 0.8682 acc 74.29 f1 73.38
10:11:32 | INFO    | Epoch 11/15 | train loss 0.7978 acc 77.24 f1 77.13 | val loss 0.8572 acc 74.67 f1 73.97
10:11:32 | INFO    |   -> new best (val macro-F1 73.97) saved
10:12:04 | INFO    | Epoch 12/15 | train loss 0.7931 acc 77.60 f1 77.45 | val loss 0.8693 acc 74.14 f1 73.24
10:12:37 | INFO    | Epoch 13/15 | train loss 0.7949 acc 77.55 f1 77.33 | val loss 0.8651 acc 74.52 f1 73.63
10:13:09 | INFO    | Epoch 14/15 | train loss 0.7894 acc 77.62 f1 77.52 | val loss 0.8728 acc 73.91 f1 72.87
10:13:41 | INFO    | Epoch 15/15 | train loss 0.7909 acc 77.43 f1 77.19 | val loss 0.8684 acc 74.29 f1 73.34
10:13:41 | INFO    | Training done in 8.9 min. Best epoch 11 (val macro-F1 73.97).
10:14:31 | INFO    | ================================================================
10:14:31 | INFO    | VAL  (2021-2025 holdout): acc 74.67  macro-F1 73.97
10:14:31 | INFO    | TEST (2026 future)      : acc 36.58  macro-F1 35.99
10:14:31 | INFO    | Generalization gap (macro-F1): 37.98 points
10:14:31 | INFO    | Future retention            : 48.7%
10:14:31 | INFO    | ================================================================
