$ R:\Anti gravity\Rice Disease Project\.venv\Scripts\python.exe -m src.train --model densenet121 --mode full
# started 2026-05-21 09:42:46

09:42:56 | INFO    | Run: model=densenet121  mode=full  epochs=15
09:42:56 | INFO    | Device: NVIDIA GeForce RTX 3050 Laptop GPU (4.0 GB VRAM) | AMP=True
09:42:56 | INFO    | Classes: ['brown_spot', 'healthy', 'rice_blast', 'rice_tungro']
09:42:56 | INFO    | Batches/epoch: train=615 val=109 test=334 (batch_size=12, accum=2)
09:42:57 | INFO    | Parameters: total=6,957,956  trainable=6,957,956  (100.00%)
09:45:10 | INFO    | Epoch 01/15 | train loss 0.8625 acc 72.20 f1 71.72 | val loss 0.6939 acc 84.88 f1 84.63
09:45:10 | INFO    |   -> new best (val macro-F1 84.63) saved
09:46:21 | INFO    | Epoch 02/15 | train loss 0.7075 acc 82.06 f1 81.68 | val loss 0.6571 acc 85.73 f1 85.44
09:46:21 | INFO    |   -> new best (val macro-F1 85.44) saved
09:47:32 | INFO    | Epoch 03/15 | train loss 0.6522 acc 85.92 f1 85.52 | val loss 0.6176 acc 89.49 f1 89.26
09:47:32 | INFO    |   -> new best (val macro-F1 89.26) saved
09:48:43 | INFO    | Epoch 04/15 | train loss 0.6049 acc 88.13 f1 87.84 | val loss 0.5953 acc 90.02 f1 89.91
09:48:43 | INFO    |   -> new best (val macro-F1 89.91) saved
09:49:54 | INFO    | Epoch 05/15 | train loss 0.5798 acc 89.72 f1 89.47 | val loss 0.5956 acc 90.25 f1 90.06
09:49:54 | INFO    |   -> new best (val macro-F1 90.06) saved
09:51:09 | INFO    | Epoch 06/15 | train loss 0.5641 acc 90.85 f1 90.59 | val loss 0.5842 acc 90.18 f1 90.08
09:51:09 | INFO    |   -> new best (val macro-F1 90.08) saved
09:52:22 | INFO    | Epoch 07/15 | train loss 0.5386 acc 92.34 f1 92.23 | val loss 0.5672 acc 91.86 f1 91.82
09:52:23 | INFO    |   -> new best (val macro-F1 91.82) saved
09:53:45 | INFO    | Epoch 08/15 | train loss 0.5203 acc 93.13 f1 92.97 | val loss 0.5743 acc 91.25 f1 91.24
09:55:17 | INFO    | Epoch 09/15 | train loss 0.5055 acc 94.08 f1 93.93 | val loss 0.5743 acc 92.10 f1 91.99
09:55:17 | INFO    |   -> new best (val macro-F1 91.99) saved
09:56:42 | INFO    | Epoch 10/15 | train loss 0.4928 acc 94.16 f1 93.99 | val loss 0.5582 acc 92.79 f1 92.68
09:56:42 | INFO    |   -> new best (val macro-F1 92.68) saved
09:58:08 | INFO    | Epoch 11/15 | train loss 0.4767 acc 95.31 f1 95.15 | val loss 0.5547 acc 92.56 f1 92.53
09:59:32 | INFO    | Epoch 12/15 | train loss 0.4660 acc 96.19 f1 96.07 | val loss 0.5513 acc 92.10 f1 92.06
10:00:56 | INFO    | Epoch 13/15 | train loss 0.4632 acc 96.12 f1 96.03 | val loss 0.5438 acc 92.48 f1 92.44
10:02:23 | INFO    | Epoch 14/15 | train loss 0.4572 acc 96.54 f1 96.43 | val loss 0.5378 acc 93.02 f1 93.03
10:02:23 | INFO    |   -> new best (val macro-F1 93.03) saved
10:03:42 | INFO    | Epoch 15/15 | train loss 0.4544 acc 96.42 f1 96.31 | val loss 0.5403 acc 92.86 f1 92.79
10:03:42 | INFO    | Training done in 20.8 min. Best epoch 14 (val macro-F1 93.03).
10:04:30 | INFO    | ================================================================
10:04:30 | INFO    | VAL  (2021-2025 holdout): acc 93.02  macro-F1 93.03
10:04:30 | INFO    | TEST (2026 future)      : acc 47.17  macro-F1 44.49
10:04:30 | INFO    | Generalization gap (macro-F1): 48.54 points
10:04:30 | INFO    | Future retention            : 47.8%
10:04:30 | INFO    | ================================================================

# finished 2026-05-21 10:04:38 | exit 0
