$ R:\Anti gravity\Rice Disease Project\.venv\Scripts\python.exe -m src.train --model efficientnet_b0 --mode full
# started 2026-05-21 10:14:38

10:14:46 | INFO    | Run: model=efficientnet_b0  mode=full  epochs=15
10:14:46 | INFO    | Device: NVIDIA GeForce RTX 3050 Laptop GPU (4.0 GB VRAM) | AMP=True
10:14:46 | INFO    | Classes: ['brown_spot', 'healthy', 'rice_blast', 'rice_tungro']
10:14:46 | INFO    | Batches/epoch: train=307 val=55 test=167 (batch_size=24, accum=2)
10:14:46 | INFO    | Parameters: total=4,012,672  trainable=4,012,672  (100.00%)
10:16:26 | INFO    | Epoch 01/15 | train loss 0.9787 acc 65.11 f1 64.86 | val loss 0.7596 acc 79.59 f1 78.99
10:16:26 | INFO    |   -> new best (val macro-F1 78.99) saved
10:16:59 | INFO    | Epoch 02/15 | train loss 0.7280 acc 80.70 f1 80.36 | val loss 0.6730 acc 84.88 f1 84.33
10:16:59 | INFO    |   -> new best (val macro-F1 84.33) saved
10:17:32 | INFO    | Epoch 03/15 | train loss 0.6648 acc 84.28 f1 83.88 | val loss 0.6400 acc 87.03 f1 86.58
10:17:32 | INFO    |   -> new best (val macro-F1 86.58) saved
10:18:08 | INFO    | Epoch 04/15 | train loss 0.6216 acc 86.90 f1 86.59 | val loss 0.6123 acc 88.72 f1 88.33
10:18:08 | INFO    |   -> new best (val macro-F1 88.33) saved
10:18:41 | INFO    | Epoch 05/15 | train loss 0.6031 acc 88.17 f1 87.86 | val loss 0.6041 acc 89.49 f1 89.13
10:18:41 | INFO    |   -> new best (val macro-F1 89.13) saved
10:19:14 | INFO    | Epoch 06/15 | train loss 0.5808 acc 89.21 f1 88.96 | val loss 0.5914 acc 89.72 f1 89.36
10:19:14 | INFO    |   -> new best (val macro-F1 89.36) saved
10:19:46 | INFO    | Epoch 07/15 | train loss 0.5655 acc 90.15 f1 89.84 | val loss 0.5823 acc 90.10 f1 89.81
10:19:46 | INFO    |   -> new best (val macro-F1 89.81) saved
10:20:19 | INFO    | Epoch 08/15 | train loss 0.5547 acc 90.72 f1 90.47 | val loss 0.5767 acc 90.71 f1 90.35
10:20:19 | INFO    |   -> new best (val macro-F1 90.35) saved
10:21:00 | INFO    | Epoch 09/15 | train loss 0.5437 acc 91.44 f1 91.21 | val loss 0.5699 acc 91.56 f1 91.35
10:21:00 | INFO    |   -> new best (val macro-F1 91.35) saved
10:21:40 | INFO    | Epoch 10/15 | train loss 0.5285 acc 92.02 f1 91.83 | val loss 0.5566 acc 92.40 f1 92.17
10:21:40 | INFO    |   -> new best (val macro-F1 92.17) saved
10:22:15 | INFO    | Epoch 11/15 | train loss 0.5259 acc 92.81 f1 92.58 | val loss 0.5596 acc 92.40 f1 92.25
10:22:16 | INFO    |   -> new best (val macro-F1 92.25) saved
10:22:51 | INFO    | Epoch 12/15 | train loss 0.5207 acc 92.82 f1 92.64 | val loss 0.5513 acc 92.25 f1 92.00
10:23:25 | INFO    | Epoch 13/15 | train loss 0.5199 acc 92.44 f1 92.24 | val loss 0.5499 acc 92.33 f1 92.14
10:23:57 | INFO    | Epoch 14/15 | train loss 0.5138 acc 93.09 f1 92.94 | val loss 0.5518 acc 92.25 f1 92.01
10:24:30 | INFO    | Epoch 15/15 | train loss 0.5240 acc 91.99 f1 91.81 | val loss 0.5586 acc 92.25 f1 91.96
10:24:30 | INFO    | Training done in 9.7 min. Best epoch 11 (val macro-F1 92.25).
10:25:13 | INFO    | ================================================================
10:25:13 | INFO    | VAL  (2021-2025 holdout): acc 92.40  macro-F1 92.25
10:25:13 | INFO    | TEST (2026 future)      : acc 48.00  macro-F1 45.25
10:25:13 | INFO    | Generalization gap (macro-F1): 47.00 points
10:25:13 | INFO    | Future retention            : 49.0%
10:25:13 | INFO    | ================================================================

# finished 2026-05-21 10:25:20 | exit 0
