$ R:\Anti gravity\Rice Disease Project\.venv\Scripts\python.exe -m src.train --model dinov2 --mode partial
# started 2026-05-21 10:48:43

10:48:51 | INFO    | Run: model=dinov2  mode=partial  epochs=15
10:48:51 | INFO    | Device: NVIDIA GeForce RTX 3050 Laptop GPU (4.0 GB VRAM) | AMP=True
10:48:52 | INFO    | Classes: ['brown_spot', 'healthy', 'rice_blast', 'rice_tungro']
10:48:52 | INFO    | Batches/epoch: train=461 val=82 test=250 (batch_size=16, accum=2)
10:48:53 | INFO    | Parameters: total=21,630,340  trainable=1,540  (0.01%)
10:50:12 | INFO    | Epoch 01/15 | train loss 0.9127 acc 69.52 f1 68.88 | val loss 0.8297 acc 78.05 f1 77.33
10:50:13 | INFO    |   -> new best (val macro-F1 77.33) saved
10:50:35 | INFO    | Epoch 02/15 | train loss 0.7921 acc 77.26 f1 76.68 | val loss 0.8122 acc 79.74 f1 79.28
10:50:35 | INFO    |   -> new best (val macro-F1 79.28) saved
10:50:55 | INFO    | Epoch 03/15 | train loss 0.7567 acc 79.38 f1 78.99 | val loss 0.7831 acc 81.20 f1 80.72
10:50:55 | INFO    |   -> new best (val macro-F1 80.72) saved
10:51:15 | INFO    | Epoch 04/15 | train loss 0.7495 acc 79.85 f1 79.38 | val loss 0.8193 acc 78.51 f1 78.05
10:51:35 | INFO    | Epoch 05/15 | train loss 0.7425 acc 79.91 f1 79.44 | val loss 0.7782 acc 80.97 f1 80.25
10:51:56 | INFO    | Epoch 06/15 | train loss 0.7340 acc 81.25 f1 80.81 | val loss 0.7671 acc 82.66 f1 82.31
10:51:56 | INFO    |   -> new best (val macro-F1 82.31) saved
10:52:17 | INFO    | Epoch 07/15 | train loss 0.7261 acc 81.25 f1 80.88 | val loss 0.7774 acc 80.97 f1 80.56
10:52:38 | INFO    | Epoch 08/15 | train loss 0.7224 acc 81.51 f1 81.08 | val loss 0.7913 acc 80.05 f1 79.71
10:52:59 | INFO    | Epoch 09/15 | train loss 0.7241 acc 81.60 f1 81.19 | val loss 0.7709 acc 81.50 f1 81.01
10:53:19 | INFO    | Epoch 10/15 | train loss 0.7120 acc 82.09 f1 81.69 | val loss 0.7699 acc 81.50 f1 81.01
10:53:40 | INFO    | Epoch 11/15 | train loss 0.7055 acc 82.40 f1 82.07 | val loss 0.7598 acc 82.35 f1 81.91
10:53:40 | INFO    | Early stopping at epoch 11 (no val-F1 gain for 5 epochs).
10:53:40 | INFO    | Training done in 4.8 min. Best epoch 6 (val macro-F1 82.31).
10:54:19 | INFO    | ================================================================
10:54:19 | INFO    | VAL  (2021-2025 holdout): acc 82.66  macro-F1 82.31
10:54:19 | INFO    | TEST (2026 future)      : acc 50.88  macro-F1 47.86
10:54:19 | INFO    | Generalization gap (macro-F1): 34.45 points
10:54:19 | INFO    | Future retention            : 58.1%
10:54:19 | INFO    | ================================================================

# finished 2026-05-21 10:54:24 | exit 0
