09:22:06 | INFO    | ================================================================
09:22:06 | INFO    | RICE DISEASE -- CROSS-YEAR PIPELINE
09:22:06 | INFO    | models=['resnet50', 'densenet121', 'efficientnet_b0', 'dinov2']  modes=['full', 'partial']
09:22:06 | INFO    | run log directory: R:\Anti gravity\Rice Disease Project\results\logs\run_20260521_092206
09:22:06 | INFO    | ================================================================
09:22:06 | INFO    | skipping preprocessing
09:22:06 | INFO    | RUN [01_train_resnet50_full]: R:\Anti gravity\Rice Disease Project\.venv\Scripts\python.exe -m src.train --model resnet50 --mode full
09:22:06 | INFO    |   logs -> 01_train_resnet50_full.log / 01_train_resnet50_full.err
09:35:40 | INFO    | step [01_train_resnet50_full] OK in 13.6 min
09:35:40 | INFO    | RUN [02_train_resnet50_partial]: R:\Anti gravity\Rice Disease Project\.venv\Scripts\python.exe -m src.train --model resnet50 --mode partial
09:35:40 | INFO    |   logs -> 02_train_resnet50_partial.log / 02_train_resnet50_partial.err
09:42:46 | INFO    | step [02_train_resnet50_partial] OK in 7.1 min
09:42:46 | INFO    | RUN [03_train_densenet121_full]: R:\Anti gravity\Rice Disease Project\.venv\Scripts\python.exe -m src.train --model densenet121 --mode full
09:42:46 | INFO    |   logs -> 03_train_densenet121_full.log / 03_train_densenet121_full.err
10:04:38 | INFO    | step [03_train_densenet121_full] OK in 21.9 min
10:04:38 | INFO    | RUN [04_train_densenet121_partial]: R:\Anti gravity\Rice Disease Project\.venv\Scripts\python.exe -m src.train --model densenet121 --mode partial
10:04:38 | INFO    |   logs -> 04_train_densenet121_partial.log / 04_train_densenet121_partial.err
10:14:38 | INFO    | step [04_train_densenet121_partial] OK in 10.0 min
10:14:38 | INFO    | RUN [05_train_efficientnet_b0_full]: R:\Anti gravity\Rice Disease Project\.venv\Scripts\python.exe -m src.train --model efficientnet_b0 --mode full
10:14:38 | INFO    |   logs -> 05_train_efficientnet_b0_full.log / 05_train_efficientnet_b0_full.err
10:25:20 | INFO    | step [05_train_efficientnet_b0_full] OK in 10.7 min
10:25:20 | INFO    | RUN [06_train_efficientnet_b0_partial]: R:\Anti gravity\Rice Disease Project\.venv\Scripts\python.exe -m src.train --model efficientnet_b0 --mode partial
10:25:20 | INFO    |   logs -> 06_train_efficientnet_b0_partial.log / 06_train_efficientnet_b0_partial.err
10:32:11 | INFO    | step [06_train_efficientnet_b0_partial] OK in 6.8 min
10:32:11 | INFO    | RUN [07_train_dinov2_full]: R:\Anti gravity\Rice Disease Project\.venv\Scripts\python.exe -m src.train --model dinov2 --mode full
10:32:11 | INFO    |   logs -> 07_train_dinov2_full.log / 07_train_dinov2_full.err
10:48:43 | INFO    | step [07_train_dinov2_full] OK in 16.5 min
10:48:43 | INFO    | RUN [08_train_dinov2_partial]: R:\Anti gravity\Rice Disease Project\.venv\Scripts\python.exe -m src.train --model dinov2 --mode partial
10:48:43 | INFO    |   logs -> 08_train_dinov2_partial.log / 08_train_dinov2_partial.err
10:54:24 | INFO    | step [08_train_dinov2_partial] OK in 5.7 min
10:54:24 | INFO    | RUN [09_gradcam_resnet50]: R:\Anti gravity\Rice Disease Project\.venv\Scripts\python.exe -m src.gradcam --model resnet50
10:54:24 | INFO    |   logs -> 09_gradcam_resnet50.log / 09_gradcam_resnet50.err
10:54:48 | INFO    | step [09_gradcam_resnet50] OK in 0.4 min
10:54:48 | INFO    | RUN [10_gradcam_densenet121]: R:\Anti gravity\Rice Disease Project\.venv\Scripts\python.exe -m src.gradcam --model densenet121
10:54:48 | INFO    |   logs -> 10_gradcam_densenet121.log / 10_gradcam_densenet121.err
10:55:12 | INFO    | step [10_gradcam_densenet121] OK in 0.4 min
10:55:12 | INFO    | RUN [11_gradcam_efficientnet_b0]: R:\Anti gravity\Rice Disease Project\.venv\Scripts\python.exe -m src.gradcam --model efficientnet_b0
10:55:12 | INFO    |   logs -> 11_gradcam_efficientnet_b0.log / 11_gradcam_efficientnet_b0.err
10:55:32 | INFO    | step [11_gradcam_efficientnet_b0] OK in 0.3 min
10:55:32 | INFO    | RUN [12_gradcam_dinov2]: R:\Anti gravity\Rice Disease Project\.venv\Scripts\python.exe -m src.gradcam --model dinov2
10:55:32 | INFO    |   logs -> 12_gradcam_dinov2.log / 12_gradcam_dinov2.err
10:55:51 | INFO    | step [12_gradcam_dinov2] OK in 0.3 min
10:55:51 | INFO    | RUN [13_analyze]: R:\Anti gravity\Rice Disease Project\.venv\Scripts\python.exe -m src.analyze
10:55:51 | INFO    |   logs -> 13_analyze.log / 13_analyze.err
10:55:56 | INFO    | step [13_analyze] OK in 0.1 min
10:55:56 | INFO    | run summary written to R:\Anti gravity\Rice Disease Project\results\logs\run_20260521_092206\run_summary.json
10:55:56 | INFO    | ================================================================
10:55:56 | INFO    | PIPELINE COMPLETE in 93.8 min.
10:55:56 | INFO    | Report: R:\Anti gravity\Rice Disease Project\results\SUMMARY.md
10:55:56 | INFO    | Logs:   R:\Anti gravity\Rice Disease Project\results\logs\run_20260521_092206
10:55:56 | INFO    | ================================================================
